[
  {
    "Email": "mika+eng@example.com",
    "ID": "P5A1XH2",
    "Name": "Mika",
    "Description": ""
  },
  {
    "Email": "horse+eng@example.com",
    "ID": "PRXEEQ8",
    "Name": "Horse",
    "Description": ""
  },
  {
    "Email": "acme-eng@example.com",
    "ID": "PXI6XNI",
    "Name": "Acme Engineering",
    "Description": ""
  },
  {
    "Email": "kiran+eng@example.com",
    "ID": "P8ZZ1ZB",
    "Name": "Kiran",
    "Description": ""
  },
  {
    "Email": "acme-success+eng@example.com",
    "ID": "P2C9LBA",
    "Name": "Wong",
    "Description": ""
  },
  {
    "Email": "jack+eng@example.com",
    "ID": "P4CMCAU",
    "Name": "Jack T.",
    "Description": ""
  }
]