[
  {
    "id": "P3D7DLW",
    "name": "Jen - primary",
    "description": "",
    "timezone": "America/Los_Angeles",
    "team_id": "P5PH8KY",
    "source_system": "pagerduty",
    "source_schedule_id": "P3D7DLW"
  },
  {
    "id": "PVJMUIC",
    "name": "CS-on-call",
    "description": "",
    "timezone": "America/Los_Angeles",
    "team_id": "PO34CI9",
    "source_system": "pagerduty",
    "source_schedule_id": "PVJMUIC"
  },
  {
    "id": "P85QTXZ",
    "name": "Jack On-Call Schedule",
    "description": "",
    "timezone": "America/Los_Angeles",
    "team_id": "PD2F80U",
    "source_system": "pagerduty",
    "source_schedule_id": "P85QTXZ"
  },
  {
    "id": "PGR96WL",
    "name": "üê¥ is always on call",
    "description": "Always üò≠",
    "timezone": "America/Los_Angeles",
    "team_id": "PV9JOXL",
    "source_system": "pagerduty",
    "source_schedule_id": "PGR96WL"
  }
]
