[
  {
    "id": "P5A1XH2",
    "name": "Mika",
    "email": "mika+eng@example.com",
    "fh_user_id": {
      "String": "",
      "Valid": false
    }
  },
  {
    "id": "PRXEEQ8",
    "name": "Horse",
    "email": "horse+eng@example.com",
    "fh_user_id": {
      "String": "",
      "Valid": false
    }
  },
  {
    "id": "PXI6XNI",
    "name": "Acme Engineering",
    "email": "acme-eng@example.com",
    "fh_user_id": {
      "String": "",
      "Valid": false
    }
  },
  {
    "id": "P8ZZ1ZB",
    "name": "Kiran",
    "email": "kiran+eng@example.com",
    "fh_user_id": {
      "String": "",
      "Valid": false
    }
  },
  {
    "id": "P2C9LBA",
    "name": "Wong",
    "email": "acme-success+eng@example.com",
    "fh_user_id": {
      "String": "",
      "Valid": false
    }
  },
  {
    "id": "P4CMCAU",
    "name": "Jack T.",
    "email": "jack+eng@example.com",
    "fh_user_id": {
      "String": "",
      "Valid": false
    }
  }
]
