[
  {
    "id": "P4XMRL3",
    "name": "Endeavour",
    "slug": "endeavour",
    "fh_team_id": {
      "String": "",
      "Valid": false
    },
    "is_group": 1,
    "to_import": 0,
    "annotations": "[PagerDuty] Endeavour https://pdt-apidocs.pagerduty.com/service-directory/P18JCJH"
  },
  {
    "id": "P5PH8KY",
    "name": "Page Responder Team",
    "slug": "page-responder-team",
    "fh_team_id": {
      "String": "",
      "Valid": false
    },
    "is_group": 0,
    "to_import": 0,
    "annotations": ""
  },
  {
    "id": "P3IIAF1",
    "name": "Server under Jack's desk",
    "slug": "server-under-jacks-desk",
    "fh_team_id": {
      "String": "",
      "Valid": false
    },
    "is_group": 1,
    "to_import": 0,
    "annotations": "[PagerDuty] Server under Jack's desk https://pdt-apidocs.pagerduty.com/service-directory/PU1BXAX"
  },
  {
    "id": "PD2F80U",
    "name": "Jack Team",
    "slug": "jack-team",
    "fh_team_id": {
      "String": "",
      "Valid": false
    },
    "is_group": 0,
    "to_import": 0,
    "annotations": ""
  }
]
