[
  {
    "ext_team": {
      "id": "P4XMRL3",
      "name": "Endeavour",
      "slug": "endeavour",
      "fh_team_id": {
        "String": "",
        "Valid": false
      },
      "is_group": 1,
      "to_import": 0
    },
    "ext_user": {
      "id": "PXI6XNI",
      "name": "Acme Engineering",
      "email": "acme-eng@example.com",
      "fh_user_id": {
        "String": "",
        "Valid": false
      },
      "annotations": "https://acme-inc.pagerduty.com/users/PXI6XNI"
    }
  },
  {
    "ext_team": {
      "id": "P3IIAF1",
      "name": "Server under Jack's desk",
      "slug": "server-under-jacks-desk",
      "fh_team_id": {
        "String": "",
        "Valid": false
      },
      "is_group": 1,
      "to_import": 0
    },
    "ext_user": {
      "id": "P4CMCAU",
      "name": "Jack T.",
      "email": "jack+eng@example.com",
      "fh_user_id": {
        "String": "",
        "Valid": false
      },
      "annotations": "https://acme-inc.pagerduty.com/users/P4CMCAU"
    }
  }
]
