[
  {
    "Email": "john.doe@opsgenie.com",
    "ID": "b5b92115-bfe7-43eb-8c2a-e467f2e5ddc4",
    "Name": "john doe",
    "Description": ""
  },
  {
    "Email": "jane.doe@opsgenie.com",
    "ID": "b5b92115-bfe7-43eb-8c2a-e467f2e5ddc5",
    "Name": "jane doe",
    "Description": ""
  }
]
