[
  {
    "id": "OverrideAlias2",
    "schedule_id": "3fee43f2-02da-49be-ab50-c88ed13aecc3",
    "username": "admin@example.net",
    "start_time": "Tue, 11 Oct 3025 18:30:00 +0000",
    "end_time": "Wed, 12 Oct 3025 18:30:00 +0000"
  }
]
