[
  {
    "id": "3fee43f2-02da-49be-ab50-c88ed13aecc3",
    "name": "Customer Success_schedule",
    "description": "",
    "timezone": "America/Los_Angeles",
    "team_id": "b7acbc33-9853-4150-8a4b-10156d9408c8",
    "source_system": "opsgenie",
    "source_schedule_id": "3fee43f2-02da-49be-ab50-c88ed13aecc3"
  }
]
