[
  {
    "id": "47016143-6547-483a-b68a-5220b21681fd",
    "name": "AAAA IPv6 migration strategy",
    "slug": "aaaa-ipv6-migration-strategy"
  }
]
